2025-11-19 22:07:14 -  - exec CUpdateClientPartner::SearchModulesEx
2025-11-19 22:07:14 -  - exec CUpdateClientPartner::__CollectRequestData
2025-11-19 22:07:15 -  - utf=Y&lang=ru&stable=Y&CANGZIP=Y&SUPD_DBS=MYSQL&XE=N&CLIENT_SITE=localhost&LICENSE_KEY=X&SUPD_STS=1&SUPD_URS=0&TYPENC=D&CLIENT_PHPVER=8.1.33&NGINX=Y&dbv=8.0.44&instm=main%2C25.100.500%2CY%3Bui%2C25.50.200%2CN%3Blanding%2C24.800.300%2CN%3Bperfmon%2C24.200.0%2CN%3Bhighloadblock%2C24.100.0%2CN%3Bsecurity%2C24.0.300%2CN%3Btranslate%2C25.0.0%2CN%3Blocation%2C25.100.0%2CN%3Bsocialservices%2C24.200.100%2CN%3Bclouds%2C25.100.0%2CN%3Bsearch%2C25.0.0%2CN%3Biblock%2C25.0.100%2CN%3Bmessageservice%2C24.900.100%2CN%3Bbitrixcloud%2C25.0.0%2CN%3Bbitrix.sitecorporate%2C24.0.0%2CN%3Bseo%2C24.700.100%2CN%3Bb24connector%2C24.0.100%2CN%3Brest%2C25.300.100%2CN%3Bfileman%2C25.0.0%2CN&search_module_id=&search_module=&search_category=7%2C14&search_type=&search_order=DESC&search_order_by=SORT&search_page=1&SUPD_SRS=RU&SUPD_CMP=N
2025-11-19 22:07:15 -  - exec CUpdateClientPartner::GetHTTPPage
2025-11-19 22:07:15 -  - TIME SearchModulesEx(request) 0.757 sec
2025-11-19 22:07:15 -  - exec CUpdateClientPartner::ParseServerData
2025-11-19 22:07:52 -  - exec CUpdateClientPartner::LoadModulesUpdates
2025-11-19 22:07:52 -  - exec CUpdateClientPartner::__CollectRequestData
2025-11-19 22:07:52 -  - utf=Y&lang=ru&stable=Y&CANGZIP=Y&SUPD_DBS=MYSQL&XE=N&CLIENT_SITE=localhost&LICENSE_KEY=X&SUPD_STS=1&SUPD_URS=0&TYPENC=D&CLIENT_PHPVER=8.1.33&NGINX=Y&dbv=8.0.44&instm=main%2C25.100.500%2CY%3Bui%2C25.50.200%2CN%3Blanding%2C24.800.300%2CN%3Bperfmon%2C24.200.0%2CN%3Bhighloadblock%2C24.100.0%2CN%3Bsecurity%2C24.0.300%2CN%3Btranslate%2C25.0.0%2CN%3Blocation%2C25.100.0%2CN%3Bsocialservices%2C24.200.100%2CN%3Bclouds%2C25.100.0%2CN%3Bsearch%2C25.0.0%2CN%3Biblock%2C25.0.100%2CN%3Bmessageservice%2C24.900.100%2CN%3Bbitrixcloud%2C25.0.0%2CN%3Bbitrix.sitecorporate%2C24.0.0%2CN%3Bseo%2C24.700.100%2CN%3Bb24connector%2C24.0.100%2CN%3Brest%2C25.300.100%2CN%3Bfileman%2C25.0.0%2CN&reqm=nsandrey.emptyinstall&lim=Y&SUPD_SRS=RU&SUPD_CMP=N
2025-11-19 22:07:52 -  - exec CUpdateClientPartner::GetHTTPPage
2025-11-19 22:07:52 -  - TIME LoadModulesUpdates(request) 0.213 sec
2025-11-19 22:07:52 -  - exec CUpdateClientPartner::ParseServerData
2025-11-19 22:07:52 - S - STEP
2025-11-19 22:07:52 - LM4W01 - loadModule4Wizard-Step
2025-11-19 22:07:52 -  - exec CUpdateClientPartner::LoadModulesUpdates
2025-11-19 22:07:52 -  - exec CUpdateClientPartner::ParseServerData
2025-11-19 22:07:52 -  - loadFile
2025-11-19 22:07:53 - U - RETURN
2025-11-19 22:07:53 -  - exec CUpdateClientPartner::UnGzipArchive
2025-11-19 22:07:53 -  - TIME UnGzipArchive 0.037 sec
2025-11-19 22:07:53 -  - TIME UpdateStepModules 0.041 sec
2025-11-19 22:07:53 -  - exec CUpdateClientPartner::LoadModulesUpdates
2025-11-19 22:07:53 -  - exec CUpdateClientPartner::__CollectRequestData
2025-11-19 22:07:53 -  - utf=Y&lang=ru&stable=Y&CANGZIP=Y&SUPD_DBS=MYSQL&XE=N&CLIENT_SITE=localhost&LICENSE_KEY=X&SUPD_STS=1&SUPD_URS=0&TYPENC=D&CLIENT_PHPVER=8.1.33&NGINX=Y&dbv=8.0.44&instm=main%2C25.100.500%2CY%3Bui%2C25.50.200%2CN%3Blanding%2C24.800.300%2CN%3Bperfmon%2C24.200.0%2CN%3Bhighloadblock%2C24.100.0%2CN%3Bsecurity%2C24.0.300%2CN%3Btranslate%2C25.0.0%2CN%3Blocation%2C25.100.0%2CN%3Bsocialservices%2C24.200.100%2CN%3Bclouds%2C25.100.0%2CN%3Bsearch%2C25.0.0%2CN%3Biblock%2C25.0.100%2CN%3Bmessageservice%2C24.900.100%2CN%3Bbitrixcloud%2C25.0.0%2CN%3Bbitrix.sitecorporate%2C24.0.0%2CN%3Bseo%2C24.700.100%2CN%3Bb24connector%2C24.0.100%2CN%3Bnsandrey.emptyinstall%2C1.0.5%2CN%3Brest%2C25.300.100%2CN%3Bfileman%2C25.0.0%2CN&reqm=nsandrey.emptyinstall&lim=Y&SUPD_SRS=RU&SUPD_CMP=N
2025-11-19 22:07:53 -  - exec CUpdateClientPartner::GetHTTPPage
2025-11-19 22:07:53 -  - TIME LoadModulesUpdates(request) 0.203 sec
2025-11-19 22:07:53 -  - exec CUpdateClientPartner::ParseServerData
2025-11-19 22:07:53 - STEP - Finish - NOUPDATES
2025-11-19 22:07:53 - LM4W03 - Finish - NOUPDATES
2025-11-19 22:13:01 -  - exec CUpdateClientPartner::__CollectRequestData
2025-11-19 22:13:01 -  - exec CUpdateClientPartner::GetHTTPPage
2025-11-19 22:13:01 -  - exec CUpdateClientPartner::ParseServerData
2025-11-19 22:13:01 -  - exec CUpdateClientPartner::GetUpdatesList
2025-11-19 22:13:01 -  - exec CUpdateClientPartner::__CollectRequestData
2025-11-19 22:13:01 -  - utf=Y&lang=ru&stable=Y&CANGZIP=Y&SUPD_DBS=MYSQL&XE=N&CLIENT_SITE=localhost&LICENSE_KEY=X&SUPD_STS=1&SUPD_URS=0&TYPENC=D&CLIENT_PHPVER=8.1.33&NGINX=Y&dbv=8.0.44&instm=main%2C25.100.500%2CY%3Bui%2C25.50.200%2CN%3Blanding%2C24.800.300%2CN%3Bperfmon%2C24.200.0%2CN%3Bhighloadblock%2C24.100.0%2CN%3Bsecurity%2C24.0.300%2CN%3Btranslate%2C25.0.0%2CN%3Blocation%2C25.100.0%2CN%3Bsocialservices%2C24.200.100%2CN%3Bclouds%2C25.100.0%2CN%3Bsearch%2C25.0.0%2CN%3Biblock%2C25.0.100%2CN%3Bmessageservice%2C24.900.100%2CN%3Bbitrixcloud%2C25.0.0%2CN%3Bbitrix.sitecorporate%2C24.0.0%2CN%3Bseo%2C24.700.100%2CN%3Bb24connector%2C24.0.100%2CN%3Bnsandrey.emptyinstall%2C1.0.5%2CN%3Brest%2C25.300.100%2CN%3Bfileman%2C25.0.0%2CN&reqm=bitrix.sitecorporate%2Cnsandrey.emptyinstall&fullmoduleinfo=Y&SUPD_SRS=RU&SUPD_CMP=N
2025-11-19 22:13:01 -  - exec CUpdateClientPartner::GetHTTPPage
2025-11-19 22:13:02 -  - TIME GetUpdatesList(request) 0.246 sec
2025-11-19 22:13:02 -  - exec CUpdateClientPartner::ParseServerData
2025-11-19 22:13:02 -  - exec CUpdateClientPartner::__CollectRequestData
2025-11-19 22:13:02 -  - exec CUpdateClientPartner::GetHTTPPage
2025-11-19 22:13:02 -  - exec CUpdateClientPartner::ParseServerData
